[shreethemes.in/doctris/layouts/admin/index.html]
[backblue.gif]
[fade.gif]
[index.html]
[shreethemes.in/doctris/layouts/assets/libs/simplebar/simplebar.min.css]
[shreethemes.in/doctris/layouts/assets/css/bootstrap.min.css]
[shreethemes.in/doctris/layouts/assets/css/icons.min.css]
[shreethemes.in/doctris/layouts/assets/libs/remixicon/fonts/remixicon.css]
[shreethemes.in/doctris/layouts/assets/libs/@iconscout/unicons/css/line.css]
[shreethemes.in/doctris/layouts/assets/css/style.min.css]
[shreethemes.in/doctris/layouts/assets/images/logo-dark.png]
[shreethemes.in/doctris/layouts/assets/images/logo-light.png]
[shreethemes.in/doctris/layouts/admin/index-dark.html]
[shreethemes.in/doctris/layouts/admin/index-rtl.html]
[shreethemes.in/doctris/layouts/admin/index-rtl-dark.html]
[shreethemes.in/doctris/layouts/admin/index-sidebar-dark.html]
[shreethemes.in/doctris/layouts/admin/index-sidebar-colored.html]
[shreethemes.in/doctris/layouts/admin/appointment.html]
[shreethemes.in/doctris/layouts/admin/doctors.html]
[shreethemes.in/doctris/layouts/admin/add-doctor.html]
[shreethemes.in/doctris/layouts/admin/dr-profile.html]
[shreethemes.in/doctris/layouts/admin/patients.html]
[shreethemes.in/doctris/layouts/admin/add-patient.html]
[shreethemes.in/doctris/layouts/admin/patient-profile.html]
[shreethemes.in/doctris/layouts/admin/chat.html]
[shreethemes.in/doctris/layouts/admin/email.html]
[shreethemes.in/doctris/layouts/admin/calendar.html]
[shreethemes.in/doctris/layouts/admin/shop.html]
[shreethemes.in/doctris/layouts/admin/product-detail.html]
[shreethemes.in/doctris/layouts/admin/shopcart.html]
[shreethemes.in/doctris/layouts/admin/checkout.html]
[shreethemes.in/doctris/layouts/admin/blogs.html]
[shreethemes.in/doctris/layouts/admin/blog-detail.html]
[shreethemes.in/doctris/layouts/admin/faqs.html]
[shreethemes.in/doctris/layouts/admin/review.html]
[shreethemes.in/doctris/layouts/admin/invoice-list.html]
[shreethemes.in/doctris/layouts/admin/invoice.html]
[shreethemes.in/doctris/layouts/admin/terms.html]
[shreethemes.in/doctris/layouts/admin/privacy.html]
[shreethemes.in/doctris/layouts/admin/blank-page.html]
[shreethemes.in/doctris/layouts/admin/email-confirmation.html]
[shreethemes.in/doctris/layouts/admin/email-password-reset.html]
[shreethemes.in/doctris/layouts/admin/email-alert.html]
[shreethemes.in/doctris/layouts/admin/email-invoice.html]
[shreethemes.in/doctris/layouts/admin/login.html]
[shreethemes.in/doctris/layouts/admin/signup.html]
[shreethemes.in/doctris/layouts/admin/forgot-password.html]
[shreethemes.in/doctris/layouts/admin/lock-screen.html]
[shreethemes.in/doctris/layouts/admin/ui-button.html]
[shreethemes.in/doctris/layouts/admin/ui-badges.html]
[shreethemes.in/doctris/layouts/admin/ui-alert.html]
[shreethemes.in/doctris/layouts/admin/ui-dropdown.html]
[shreethemes.in/doctris/layouts/admin/ui-typography.html]
[shreethemes.in/doctris/layouts/admin/ui-background.html]
[shreethemes.in/doctris/layouts/admin/ui-text.html]
[shreethemes.in/doctris/layouts/admin/ui-tooltip-popover.html]
[shreethemes.in/doctris/layouts/admin/ui-shadow.html]
[shreethemes.in/doctris/layouts/admin/ui-border.html]
[shreethemes.in/doctris/layouts/admin/ui-form.html]
[shreethemes.in/doctris/layouts/admin/ui-pagination.html]
[shreethemes.in/doctris/layouts/admin/ui-avatar.html]
[shreethemes.in/doctris/layouts/admin/ui-modals.html]
[shreethemes.in/doctris/layouts/admin/ui-icons.html]
[shreethemes.in/doctris/layouts/admin/comingsoon.html]
[shreethemes.in/doctris/layouts/admin/maintenance.html]
[shreethemes.in/doctris/layouts/admin/error.html]
[shreethemes.in/doctris/layouts/admin/thankyou.html]
[shreethemes.in/doctris/layouts/assets/images/logo-icon.png]
[shreethemes.in/doctris/layouts/assets/images/language/american.png]
[shreethemes.in/doctris/layouts/assets/images/language/chinese.png]
[shreethemes.in/doctris/layouts/assets/images/language/european.png]
[shreethemes.in/doctris/layouts/assets/images/language/indian.png]
[shreethemes.in/doctris/layouts/assets/images/language/japanese.png]
[shreethemes.in/doctris/layouts/assets/images/language/russian.png]
[shreethemes.in/doctris/layouts/assets/images/client/02.jpg]
[shreethemes.in/doctris/layouts/assets/images/client/03.jpg]
[shreethemes.in/doctris/layouts/assets/images/client/06.jpg]
[shreethemes.in/doctris/layouts/assets/images/client/07.jpg]
[shreethemes.in/doctris/layouts/assets/images/doctors/01.jpg]
[shreethemes.in/doctris/layouts/assets/images/client/01.jpg]
[shreethemes.in/doctris/layouts/assets/images/client/04.jpg]
[shreethemes.in/doctris/layouts/assets/images/client/05.jpg]
[shreethemes.in/doctris/layouts/assets/images/doctors/02.jpg]
[shreethemes.in/doctris/layouts/assets/images/bg/bg-chat.png]
[shreethemes.in/doctris/layouts/assets/images/client/09.jpg]
[shreethemes.in/doctris/layouts/assets/images/doctors/03.jpg]
[shreethemes.in/doctris/layouts/assets/images/doctors/04.jpg]
[shreethemes.in/doctris/layouts/assets/images/doctors/05.jpg]
[shreethemes.in/doctris/layouts/assets/images/layouts/light-dash-rtl.png]
[shreethemes.in/doctris/layouts/assets/images/layouts/light-dash.png]
[shreethemes.in/doctris/layouts/assets/images/layouts/dark-dash-rtl.png]
[shreethemes.in/doctris/layouts/assets/images/layouts/dark-dash.png]
[shreethemes.in/doctris/layouts/assets/images/layouts/landing-light.png]
[shreethemes.in/doctris/layouts/assets/libs/simplebar/simplebar.min.js]
[shreethemes.in/doctris/layouts/assets/libs/apexcharts/apexcharts.min.js]
[shreethemes.in/doctris/layouts/assets/js/admin-apexchart.init.js]
[shreethemes.in/doctris/layouts/assets/libs/feather-icons/feather.min.js]
[shreethemes.in/doctris/layouts/assets/libs/bootstrap/js/bootstrap.bundle.min.js]
[shreethemes.in/doctris/layouts/assets/js/plugins.init.js]
[shreethemes.in/doctris/layouts/admin/index.html]
[shreethemes.in/doctris/layouts/assets/js/app.js]
[shreethemes.in/doctris/layouts/assets/libs/simplebar/simplebar.min.css]
[shreethemes.in/doctris/layouts/assets/css/bootstrap.min.css]
[shreethemes.in/doctris/layouts/assets/css/icons.min.css]
[shreethemes.in/doctris/layouts/assets/libs/remixicon/fonts/remixicondf6d.eot]
[shreethemes.in/doctris/layouts/assets/libs/remixicon/fonts/remixicondf6d.woff2]
[shreethemes.in/doctris/layouts/assets/libs/remixicon/fonts/remixicondf6d.woff]
[shreethemes.in/doctris/layouts/assets/libs/remixicon/fonts/remixicondf6d.ttf]
[shreethemes.in/doctris/layouts/assets/libs/remixicon/fonts/remixicon.css]
[shreethemes.in/doctris/layouts/assets/libs/@iconscout/unicons/css/line.css]
[shreethemes.in/doctris/layouts/assets/css/style.min.css]
[shreethemes.in/doctris/layouts/assets/css/bootstrap-dark.min.css]
[shreethemes.in/doctris/layouts/admin/index-dark.html]
[shreethemes.in/doctris/layouts/assets/css/style-dark.min.css]
[shreethemes.in/doctris/layouts/assets/css/bootstrap-rtl.min.css]
[shreethemes.in/doctris/layouts/admin/index-rtl.html]
[shreethemes.in/doctris/layouts/assets/css/style-rtl.min.css]
[shreethemes.in/doctris/layouts/assets/css/bootstrap-dark-rtl.min.css]
[shreethemes.in/doctris/layouts/admin/index-rtl-dark.html]
[shreethemes.in/doctris/layouts/assets/css/style-dark-rtl.min.css]
[shreethemes.in/doctris/layouts/admin/index-sidebar-dark.html]
[shreethemes.in/doctris/layouts/admin/index-sidebar-colored.html]
[shreethemes.in/doctris/layouts/assets/libs/js-datepicker/datepicker.min.css]
[shreethemes.in/doctris/layouts/assets/images/client/08.jpg]
[shreethemes.in/doctris/layouts/assets/images/doctors/06.jpg]
[shreethemes.in/doctris/layouts/assets/images/doctors/07.jpg]
[shreethemes.in/doctris/layouts/assets/images/client/10.jpg]
[shreethemes.in/doctris/layouts/assets/images/doctors/08.jpg]
[shreethemes.in/doctris/layouts/admin/appointment.html]
[shreethemes.in/doctris/layouts/assets/libs/js-datepicker/datepicker.min.js]
[shreethemes.in/doctris/layouts/assets/images/doctors/09.jpg]
[shreethemes.in/doctris/layouts/assets/images/doctors/10.jpg]
[shreethemes.in/doctris/layouts/admin/doctors.html]
[shreethemes.in/doctris/layouts/admin/add-doctor.html]
[shreethemes.in/doctris/layouts/assets/libs/tiny-slider/tiny-slider.css]
[shreethemes.in/doctris/layouts/assets/images/client/amazon.png]
[shreethemes.in/doctris/layouts/assets/images/client/google.png]
[shreethemes.in/doctris/layouts/assets/images/client/lenovo.png]
[shreethemes.in/doctris/layouts/assets/images/client/paypal.png]
[shreethemes.in/doctris/layouts/assets/images/client/shopify.png]
[shreethemes.in/doctris/layouts/assets/images/client/spotify.png]
[shreethemes.in/doctris/layouts/admin/dr-profile.html]
[shreethemes.in/doctris/layouts/assets/libs/tiny-slider/min/tiny-slider.js]
[shreethemes.in/doctris/layouts/admin/patients.html]
[shreethemes.in/doctris/layouts/admin/add-patient.html]
[shreethemes.in/doctris/layouts/assets/images/bg/bg-profile.jpg]
[shreethemes.in/doctris/layouts/admin/patient-profile.html]
[shreethemes.in/doctris/layouts/admin/chat.html]
[shreethemes.in/doctris/layouts/admin/email.html]
[shreethemes.in/doctris/layouts/assets/js/ckeditor.js]
[shreethemes.in/doctris/layouts/assets/libs/fullcalendar/main.min.css]
[shreethemes.in/doctris/layouts/assets/libs/fullcalendar/main.min.js]
[shreethemes.in/doctris/layouts/assets/libs/fullcalendar/locales-all.min.js]
[shreethemes.in/doctris/layouts/assets/js/fullcalendar.init.js]
[shreethemes.in/doctris/layouts/admin/calendar.html]
[shreethemes.in/doctris/layouts/assets/images/pharmacy/shop/thermometer.jpg]
[shreethemes.in/doctris/layouts/assets/images/pharmacy/shop/stethoscope.jpg]
[shreethemes.in/doctris/layouts/assets/images/pharmacy/shop/pulse-oximeter.jpg]
[shreethemes.in/doctris/layouts/assets/images/pharmacy/shop/medicine.jpg]
[shreethemes.in/doctris/layouts/assets/images/pharmacy/shop/smoking-habit.jpg]
[shreethemes.in/doctris/layouts/assets/images/pharmacy/shop/sanitizer.jpg]
[shreethemes.in/doctris/layouts/assets/images/pharmacy/shop/nicotex.jpg]
[shreethemes.in/doctris/layouts/assets/images/pharmacy/shop/medigrip.jpg]
[shreethemes.in/doctris/layouts/assets/images/pharmacy/shop/masks.jpg]
[shreethemes.in/doctris/layouts/assets/images/pharmacy/shop/handwash.jpg]
[shreethemes.in/doctris/layouts/assets/images/pharmacy/skin.jpg]
[shreethemes.in/doctris/layouts/assets/images/pharmacy/sexual.jpg]
[shreethemes.in/doctris/layouts/assets/images/pharmacy/weight.jpg]
[shreethemes.in/doctris/layouts/assets/images/pharmacy/pain.jpg]
[shreethemes.in/doctris/layouts/assets/images/pharmacy/heart.jpg]
[shreethemes.in/doctris/layouts/assets/images/pharmacy/cough.jpg]
[shreethemes.in/doctris/layouts/assets/images/pharmacy/diabetes.jpg]
[shreethemes.in/doctris/layouts/assets/images/pharmacy/cancer.jpg]
[shreethemes.in/doctris/layouts/assets/images/pharmacy/shop/ashwagandha.jpg]
[shreethemes.in/doctris/layouts/assets/images/pharmacy/shop/beby-products.jpg]
[shreethemes.in/doctris/layouts/assets/images/pharmacy/shop/kidney-tray.jpg]
[shreethemes.in/doctris/layouts/assets/images/pharmacy/shop/herbal-care.jpg]
[shreethemes.in/doctris/layouts/assets/images/pharmacy/shop/medical-equptment.jpg]
[shreethemes.in/doctris/layouts/admin/shop.html]
[shreethemes.in/doctris/layouts/assets/images/pharmacy/shop/01.jpg]
[shreethemes.in/doctris/layouts/assets/images/pharmacy/shop/02.jpg]
[shreethemes.in/doctris/layouts/assets/images/pharmacy/shop/03.jpg]
[shreethemes.in/doctris/layouts/assets/images/pharmacy/shop/04.jpg]
[shreethemes.in/doctris/layouts/admin/product-detail.html]
[shreethemes.in/doctris/layouts/assets/images/pharmacy/shop/diabend.jpg]
[shreethemes.in/doctris/layouts/assets/images/pharmacy/shop/facewash.jpg]
[shreethemes.in/doctris/layouts/admin/shopcart.html]
[shreethemes.in/doctris/layouts/admin/checkout.html]
[shreethemes.in/doctris/layouts/assets/images/blog/01.jpg]
[shreethemes.in/doctris/layouts/assets/images/blog/02.jpg]
[shreethemes.in/doctris/layouts/assets/images/blog/03.jpg]
[shreethemes.in/doctris/layouts/assets/images/blog/04.jpg]
[shreethemes.in/doctris/layouts/assets/images/blog/05.jpg]
[shreethemes.in/doctris/layouts/assets/images/blog/06.jpg]
[shreethemes.in/doctris/layouts/assets/images/blog/07.jpg]
[shreethemes.in/doctris/layouts/assets/images/blog/08.jpg]
[shreethemes.in/doctris/layouts/admin/blogs.html]
[shreethemes.in/doctris/layouts/assets/images/blog/single.jpg]
[shreethemes.in/doctris/layouts/admin/blog-detail.html]
[shreethemes.in/doctris/layouts/admin/faqs.html]
[shreethemes.in/doctris/layouts/admin/review.html]
[shreethemes.in/doctris/layouts/admin/invoice-list.html]
[shreethemes.in/doctris/layouts/admin/invoice.html]
[shreethemes.in/doctris/layouts/admin/terms.html]
[shreethemes.in/doctris/layouts/admin/privacy.html]
[shreethemes.in/doctris/layouts/admin/blank-page.html]
[shreethemes.in/doctris/layouts/admin/email-confirmation.html]
[shreethemes.in/doctris/layouts/admin/email-password-reset.html]
[shreethemes.in/doctris/layouts/admin/email-alert.html]
[shreethemes.in/doctris/layouts/admin/email-invoice.html]
[shreethemes.in/doctris/layouts/assets/images/bg/bg-lines-one.png]
[shreethemes.in/doctris/layouts/admin/login.html]
[shreethemes.in/doctris/layouts/admin/signup.html]
[shreethemes.in/doctris/layouts/admin/forgot-password.html]
[shreethemes.in/doctris/layouts/admin/lock-screen.html]
[shreethemes.in/doctris/layouts/admin/ui-button.html]
[shreethemes.in/doctris/layouts/admin/ui-badges.html]
[shreethemes.in/doctris/layouts/admin/ui-alert.html]
[shreethemes.in/doctris/layouts/admin/ui-dropdown.html]
[shreethemes.in/doctris/layouts/admin/ui-typography.html]
[shreethemes.in/doctris/layouts/admin/ui-background.html]
[shreethemes.in/doctris/layouts/admin/ui-text.html]
[shreethemes.in/doctris/layouts/admin/ui-tooltip-popover.html]
[shreethemes.in/doctris/layouts/admin/ui-shadow.html]
[shreethemes.in/doctris/layouts/admin/ui-border.html]
[shreethemes.in/doctris/layouts/admin/ui-form.html]
[shreethemes.in/doctris/layouts/admin/ui-pagination.html]
[shreethemes.in/doctris/layouts/admin/ui-avatar.html]
[shreethemes.in/doctris/layouts/assets/images/ab02.jpg]
[shreethemes.in/doctris/layouts/assets/images/subscribe.png]
[shreethemes.in/doctris/layouts/assets/images/pharmacy/cart.png]
[shreethemes.in/doctris/layouts/admin/ui-modals.html]
[shreethemes.in/doctris/layouts/admin/ui-icons.html]
[shreethemes.in/doctris/layouts/assets/images/bg/03.jpg]
[shreethemes.in/doctris/layouts/admin/comingsoon.html]
[shreethemes.in/doctris/layouts/assets/images/bg/05.jpg]
[shreethemes.in/doctris/layouts/admin/maintenance.html]
[shreethemes.in/doctris/layouts/admin/error.html]
[shreethemes.in/doctris/layouts/admin/thankyou.html]
[shreethemes.in/doctris/layouts/admin/profile.html]
[shreethemes.in/doctris/layouts/assets/libs/remixicon/fonts/remixicondf6d.svg]
[shreethemes.in/doctris/layouts/assets/css/bootstrap-dark.min.css]
[shreethemes.in/doctris/layouts/assets/css/style-dark.min.css]
[shreethemes.in/doctris/layouts/assets/css/bootstrap-rtl.min.css]
[shreethemes.in/doctris/layouts/assets/css/style-rtl.min.css]
[shreethemes.in/doctris/layouts/assets/css/bootstrap-dark-rtl.min.css]
[shreethemes.in/doctris/layouts/assets/css/style-dark-rtl.min.css]
[shreethemes.in/doctris/layouts/assets/libs/js-datepicker/datepicker.min.css]
[shreethemes.in/doctris/layouts/assets/libs/tiny-slider/tiny-slider.css]
[shreethemes.in/doctris/layouts/assets/libs/fullcalendar/main.min.css]
[shreethemes.in/doctris/layouts/admin/pharmacy-product-detail.html]
[shreethemes.in/doctris/layouts/admin/auth-re-password.html]
[shreethemes.in/doctris/layouts/admin/auth-signup.html]
[shreethemes.in/doctris/layouts/admin/assets/images/icon/Email.html]
[shreethemes.in/doctris/layouts/admin/assets/images/icon/bitcoin.html]
[shreethemes.in/doctris/layouts/admin/assets/images/icon/calendar.html]
[shreethemes.in/doctris/layouts/admin/assets/images/icon/location.html]
